Archive member included to satisfy reference by file (symbol)

d:/hk231/mcu/software/stm32/stm32cubeide_1.7.0/stm32cubeide/plugins/com.st.stm32cube.ide.mcu.externaltools.gnu-tools-for-stm32.9-2020-q2-update.win32_2.0.0.202105311346/tools/bin/../lib/gcc/arm-none-eabi/9.3.1/../../../../arm-none-eabi/lib/thumb/v7-m/nofp\libc_nano.a(lib_a-errno.o)
                              ./Core/Src/syscalls.o (__errno)
d:/hk231/mcu/software/stm32/stm32cubeide_1.7.0/stm32cubeide/plugins/com.st.stm32cube.ide.mcu.externaltools.gnu-tools-for-stm32.9-2020-q2-update.win32_2.0.0.202105311346/tools/bin/../lib/gcc/arm-none-eabi/9.3.1/../../../../arm-none-eabi/lib/thumb/v7-m/nofp\libc_nano.a(lib_a-exit.o)
                              d:/hk231/mcu/software/stm32/stm32cubeide_1.7.0/stm32cubeide/plugins/com.st.stm32cube.ide.mcu.externaltools.gnu-tools-for-stm32.9-2020-q2-update.win32_2.0.0.202105311346/tools/bin/../lib/gcc/arm-none-eabi/9.3.1/../../../../arm-none-eabi/lib/thumb/v7-m/nofp/crt0.o (exit)
d:/hk231/mcu/software/stm32/stm32cubeide_1.7.0/stm32cubeide/plugins/com.st.stm32cube.ide.mcu.externaltools.gnu-tools-for-stm32.9-2020-q2-update.win32_2.0.0.202105311346/tools/bin/../lib/gcc/arm-none-eabi/9.3.1/../../../../arm-none-eabi/lib/thumb/v7-m/nofp\libc_nano.a(lib_a-impure.o)
                              d:/hk231/mcu/software/stm32/stm32cubeide_1.7.0/stm32cubeide/plugins/com.st.stm32cube.ide.mcu.externaltools.gnu-tools-for-stm32.9-2020-q2-update.win32_2.0.0.202105311346/tools/bin/../lib/gcc/arm-none-eabi/9.3.1/../../../../arm-none-eabi/lib/thumb/v7-m/nofp\libc_nano.a(lib_a-exit.o) (_global_impure_ptr)
d:/hk231/mcu/software/stm32/stm32cubeide_1.7.0/stm32cubeide/plugins/com.st.stm32cube.ide.mcu.externaltools.gnu-tools-for-stm32.9-2020-q2-update.win32_2.0.0.202105311346/tools/bin/../lib/gcc/arm-none-eabi/9.3.1/../../../../arm-none-eabi/lib/thumb/v7-m/nofp\libc_nano.a(lib_a-init.o)
                              d:/hk231/mcu/software/stm32/stm32cubeide_1.7.0/stm32cubeide/plugins/com.st.stm32cube.ide.mcu.externaltools.gnu-tools-for-stm32.9-2020-q2-update.win32_2.0.0.202105311346/tools/bin/../lib/gcc/arm-none-eabi/9.3.1/../../../../arm-none-eabi/lib/thumb/v7-m/nofp/crt0.o (__libc_init_array)
d:/hk231/mcu/software/stm32/stm32cubeide_1.7.0/stm32cubeide/plugins/com.st.stm32cube.ide.mcu.externaltools.gnu-tools-for-stm32.9-2020-q2-update.win32_2.0.0.202105311346/tools/bin/../lib/gcc/arm-none-eabi/9.3.1/../../../../arm-none-eabi/lib/thumb/v7-m/nofp\libc_nano.a(lib_a-memset.o)
                              d:/hk231/mcu/software/stm32/stm32cubeide_1.7.0/stm32cubeide/plugins/com.st.stm32cube.ide.mcu.externaltools.gnu-tools-for-stm32.9-2020-q2-update.win32_2.0.0.202105311346/tools/bin/../lib/gcc/arm-none-eabi/9.3.1/../../../../arm-none-eabi/lib/thumb/v7-m/nofp/crt0.o (memset)

Allocating common symbols
Common symbol       size              file

uwTick              0x4               ./Drivers/STM32F1xx_HAL_Driver/Src/stm32f1xx_hal.o
pFlash              0x20              ./Drivers/STM32F1xx_HAL_Driver/Src/stm32f1xx_hal_flash.o
htim2               0x48              ./Core/Src/main.o

Discarded input sections

 .text          0x0000000000000000        0x0 d:/hk231/mcu/software/stm32/stm32cubeide_1.7.0/stm32cubeide/plugins/com.st.stm32cube.ide.mcu.externaltools.gnu-tools-for-stm32.9-2020-q2-update.win32_2.0.0.202105311346/tools/bin/../lib/gcc/arm-none-eabi/9.3.1/thumb/v7-m/nofp/crti.o
 .data          0x0000000000000000        0x0 d:/hk231/mcu/software/stm32/stm32cubeide_1.7.0/stm32cubeide/plugins/com.st.stm32cube.ide.mcu.externaltools.gnu-tools-for-stm32.9-2020-q2-update.win32_2.0.0.202105311346/tools/bin/../lib/gcc/arm-none-eabi/9.3.1/thumb/v7-m/nofp/crti.o
 .bss           0x0000000000000000        0x0 d:/hk231/mcu/software/stm32/stm32cubeide_1.7.0/stm32cubeide/plugins/com.st.stm32cube.ide.mcu.externaltools.gnu-tools-for-stm32.9-2020-q2-update.win32_2.0.0.202105311346/tools/bin/../lib/gcc/arm-none-eabi/9.3.1/thumb/v7-m/nofp/crti.o
 .data          0x0000000000000000        0x4 d:/hk231/mcu/software/stm32/stm32cubeide_1.7.0/stm32cubeide/plugins/com.st.stm32cube.ide.mcu.externaltools.gnu-tools-for-stm32.9-2020-q2-update.win32_2.0.0.202105311346/tools/bin/../lib/gcc/arm-none-eabi/9.3.1/thumb/v7-m/nofp/crtbegin.o
 .text          0x0000000000000000       0x7c d:/hk231/mcu/software/stm32/stm32cubeide_1.7.0/stm32cubeide/plugins/com.st.stm32cube.ide.mcu.externaltools.gnu-tools-for-stm32.9-2020-q2-update.win32_2.0.0.202105311346/tools/bin/../lib/gcc/arm-none-eabi/9.3.1/../../../../arm-none-eabi/lib/thumb/v7-m/nofp/crt0.o
 .data          0x0000000000000000        0x0 d:/hk231/mcu/software/stm32/stm32cubeide_1.7.0/stm32cubeide/plugins/com.st.stm32cube.ide.mcu.externaltools.gnu-tools-for-stm32.9-2020-q2-update.win32_2.0.0.202105311346/tools/bin/../lib/gcc/arm-none-eabi/9.3.1/../../../../arm-none-eabi/lib/thumb/v7-m/nofp/crt0.o
[...]
Memory Configuration

Name             Origin             Length             Attributes
RAM              0x0000000020000000 0x0000000000002800 xrw
FLASH            0x0000000008000000 0x0000000000008000 xr
*default*        0x0000000000000000 0xffffffffffffffff

Linker script and memory map

LOAD d:/hk231/mcu/software/stm32/stm32cubeide_1.7.0/stm32cubeide/plugins/com.st.stm32cube.ide.mcu.externaltools.gnu-tools-for-stm32.9-2020-q2-update.win32_2.0.0.202105311346/tools/bin/../lib/gcc/arm-none-eabi/9.3.1/thumb/v7-m/nofp/crti.o
LOAD d:/hk231/mcu/software/stm32/stm32cubeide_1.7.0/stm32cubeide/plugins/com.st.stm32cube.ide.mcu.externaltools.gnu-tools-for-stm32.9-2020-q2-update.win32_2.0.0.202105311346/tools/bin/../lib/gcc/arm-none-eabi/9.3.1/thumb/v7-m/nofp/crtbegin.o
LOAD d:/hk231/mcu/software/stm32/stm32cubeide_1.7.0/stm32cubeide/plugins/com.st.stm32cube.ide.mcu.externaltools.gnu-tools-for-stm32.9-2020-q2-update.win32_2.0.0.202105311346/tools/bin/../lib/gcc/arm-none-eabi/9.3.1/../../../../arm-none-eabi/lib/thumb/v7-m/nofp/crt0.o
LOAD ./Core/Src/clock.o
LOAD ./Core/Src/control_clock_buffer.o
LOAD ./Core/Src/control_led_7SEG.o
LOAD ./Core/Src/control_matrix.o
LOAD ./Core/Src/global.o
LOAD ./Core/Src/main.o
LOAD ./Core/Src/software_timer.o
LOAD ./Core/Src/stm32f1xx_hal_msp.o
LOAD ./Core/Src/stm32f1xx_it.o
LOAD ./Core/Src/syscalls.o
LOAD ./Core/Src/sysmem.o
LOAD ./Core/Src/system_stm32f1xx.o
LOAD ./Core/Startup/startup_stm32f103c6ux.o
LOAD ./Drivers/STM32F1xx_HAL_Driver/Src/stm32f1xx_hal.o
LOAD ./Drivers/STM32F1xx_HAL_Driver/Src/stm32f1xx_hal_cortex.o
LOAD ./Drivers/STM32F1xx_HAL_Driver/Src/stm32f1xx_hal_dma.o
LOAD ./Drivers/STM32F1xx_HAL_Driver/Src/stm32f1xx_hal_exti.o
LOAD ./Drivers/STM32F1xx_HAL_Driver/Src/stm32f1xx_hal_flash.o
LOAD ./Drivers/STM32F1xx_HAL_Driver/Src/stm32f1xx_hal_flash_ex.o
LOAD ./Drivers/STM32F1xx_HAL_Driver/Src/stm32f1xx_hal_gpio.o
LOAD ./Drivers/STM32F1xx_HAL_Driver/Src/stm32f1xx_hal_gpio_ex.o
LOAD ./Drivers/STM32F1xx_HAL_Driver/Src/stm32f1xx_hal_pwr.o
LOAD ./Drivers/STM32F1xx_HAL_Driver/Src/stm32f1xx_hal_rcc.o
LOAD ./Drivers/STM32F1xx_HAL_Driver/Src/stm32f1xx_hal_rcc_ex.o
LOAD ./Drivers/STM32F1xx_HAL_Driver/Src/stm32f1xx_hal_tim.o
LOAD ./Drivers/STM32F1xx_HAL_Driver/Src/stm32f1xx_hal_tim_ex.o
START GROUP
LOAD d:/hk231/mcu/software/stm32/stm32cubeide_1.7.0/stm32cubeide/plugins/com.st.stm32cube.ide.mcu.externaltools.gnu-tools-for-stm32.9-2020-q2-update.win32_2.0.0.202105311346/tools/bin/../lib/gcc/arm-none-eabi/9.3.1/../../../../arm-none-eabi/lib/thumb/v7-m/nofp\libc_nano.a
LOAD d:/hk231/mcu/software/stm32/stm32cubeide_1.7.0/stm32cubeide/plugins/com.st.stm32cube.ide.mcu.externaltools.gnu-tools-for-stm32.9-2020-q2-update.win32_2.0.0.202105311346/tools/bin/../lib/gcc/arm-none-eabi/9.3.1/../../../../arm-none-eabi/lib/thumb/v7-m/nofp\libm.a
END GROUP
START GROUP
LOAD d:/hk231/mcu/software/stm32/stm32cubeide_1.7.0/stm32cubeide/plugins/com.st.stm32cube.ide.mcu.externaltools.gnu-tools-for-stm32.9-2020-q2-update.win32_2.0.0.202105311346/tools/bin/../lib/gcc/arm-none-eabi/9.3.1/thumb/v7-m/nofp\libgcc.a
LOAD d:/hk231/mcu/software/stm32/stm32cubeide_1.7.0/stm32cubeide/plugins/com.st.stm32cube.ide.mcu.externaltools.gnu-tools-for-stm32.9-2020-q2-update.win32_2.0.0.202105311346/tools/bin/../lib/gcc/arm-none-eabi/9.3.1/../../../../arm-none-eabi/lib/thumb/v7-m/nofp\libc_nano.a
END GROUP
START GROUP
LOAD d:/hk231/mcu/software/stm32/stm32cubeide_1.7.0/stm32cubeide/plugins/com.st.stm32cube.ide.mcu.externaltools.gnu-tools-for-stm32.9-2020-q2-update.win32_2.0.0.202105311346/tools/bin/../lib/gcc/arm-none-eabi/9.3.1/thumb/v7-m/nofp\libgcc.a
LOAD d:/hk231/mcu/software/stm32/stm32cubeide_1.7.0/stm32cubeide/plugins/com.st.stm32cube.ide.mcu.externaltools.gnu-tools-for-stm32.9-2020-q2-update.win32_2.0.0.202105311346/tools/bin/../lib/gcc/arm-none-eabi/9.3.1/../../../../arm-none-eabi/lib/thumb/v7-m/nofp\libc_nano.a
LOAD d:/hk231/mcu/software/stm32/stm32cubeide_1.7.0/stm32cubeide/plugins/com.st.stm32cube.ide.mcu.externaltools.gnu-tools-for-stm32.9-2020-q2-update.win32_2.0.0.202105311346/tools/bin/../lib/gcc/arm-none-eabi/9.3.1/../../../../arm-none-eabi/lib/thumb/v7-m/nofp\libnosys.a
END GROUP
START GROUP
LOAD d:/hk231/mcu/software/stm32/stm32cubeide_1.7.0/stm32cubeide/plugins/com.st.stm32cube.ide.mcu.externaltools.gnu-tools-for-stm32.9-2020-q2-update.win32_2.0.0.202105311346/tools/bin/../lib/gcc/arm-none-eabi/9.3.1/thumb/v7-m/nofp\libgcc.a
LOAD d:/hk231/mcu/software/stm32/stm32cubeide_1.7.0/stm32cubeide/plugins/com.st.stm32cube.ide.mcu.externaltools.gnu-tools-for-stm32.9-2020-q2-update.win32_2.0.0.202105311346/tools/bin/../lib/gcc/arm-none-eabi/9.3.1/../../../../arm-none-eabi/lib/thumb/v7-m/nofp\libc_nano.a
LOAD d:/hk231/mcu/software/stm32/stm32cubeide_1.7.0/stm32cubeide/plugins/com.st.stm32cube.ide.mcu.externaltools.gnu-tools-for-stm32.9-2020-q2-update.win32_2.0.0.202105311346/tools/bin/../lib/gcc/arm-none-eabi/9.3.1/../../../../arm-none-eabi/lib/thumb/v7-m/nofp\libnosys.a
END GROUP
LOAD d:/hk231/mcu/software/stm32/stm32cubeide_1.7.0/stm32cubeide/plugins/com.st.stm32cube.ide.mcu.externaltools.gnu-tools-for-stm32.9-2020-q2-update.win32_2.0.0.202105311346/tools/bin/../lib/gcc/arm-none-eabi/9.3.1/thumb/v7-m/nofp/crtend.o
LOAD d:/hk231/mcu/software/stm32/stm32cubeide_1.7.0/stm32cubeide/plugins/com.st.stm32cube.ide.mcu.externaltools.gnu-tools-for-stm32.9-2020-q2-update.win32_2.0.0.202105311346/tools/bin/../lib/gcc/arm-none-eabi/9.3.1/thumb/v7-m/nofp/crtn.o
                0x0000000020002800                _estack = (ORIGIN (RAM) + LENGTH (RAM))
                0x0000000000000200                _Min_Heap_Size = 0x200
                0x0000000000000400                _Min_Stack_Size = 0x400

.isr_vector     0x0000000008000000      0x10c
                0x0000000008000000                . = ALIGN (0x4)
 *(.isr_vector)
 .isr_vector    0x0000000008000000      0x10c ./Core/Startup/startup_stm32f103c6ux.o
                0x0000000008000000                g_pfnVectors
                0x000000000800010c                . = ALIGN (0x4)

.text           0x000000000800010c     0x23d0
                0x000000000800010c                . = ALIGN (0x4)
 *(.text)
 .text          0x000000000800010c       0x40 d:/hk231/mcu/software/stm32/stm32cubeide_1.7.0/stm32cubeide/plugins/com.st.stm32cube.ide.mcu.externaltools.gnu-tools-for-stm32.9-2020-q2-update.win32_2.0.0.202105311346/tools/bin/../lib/gcc/arm-none-eabi/9.3.1/thumb/v7-m/nofp/crtbegin.o
 *(.text*)
 .text.clock    0x000000000800014c       0x60 ./Core/Src/clock.o
                0x000000000800014c                clock
 .text.updateClockBuffer
                0x00000000080001ac       0xbc ./Core/Src/control_clock_buffer.o
                0x00000000080001ac                updateClockBuffer
 .text.display7SEG
                0x0000000008000268      0x178 ./Core/Src/control_led_7SEG.o
                0x0000000008000268                display7SEG
 .text.update7SEG
                0x00000000080003e0       0xc0 ./Core/Src/control_led_7SEG.o
                0x00000000080003e0                update7SEG
 .text.displayLedMatrix
                0x00000000080004a0      0x244 ./Core/Src/control_matrix.o
                0x00000000080004a0                displayLedMatrix
 .text.updateLEDMatrix
                0x00000000080006e4       0xb4 ./Core/Src/control_matrix.o
                0x00000000080006e4                updateLEDMatrix
 .text.updateMatrix_buffer
                0x0000000008000798       0xf0 ./Core/Src/control_matrix.o
                0x0000000008000798                updateMatrix_buffer
 .text.main     0x0000000008000888      0x108 ./Core/Src/main.o
                0x0000000008000888                main
 .text.SystemClock_Config
                0x0000000008000990       0x76 ./Core/Src/main.o
                0x0000000008000990                SystemClock_Config
 *fill*         0x0000000008000a06        0x2 
 .text.MX_TIM2_Init
                0x0000000008000a08       0x98 ./Core/Src/main.o
 .text.MX_GPIO_Init
                0x0000000008000aa0       0xac ./Core/Src/main.o
 .text.HAL_TIM_PeriodElapsedCallback
                0x0000000008000b4c       0x14 ./Core/Src/main.o
                0x0000000008000b4c                HAL_TIM_PeriodElapsedCallback
 .text.Error_Handler
                0x0000000008000b60        0xa ./Core/Src/main.o
                0x0000000008000b60                Error_Handler
 *fill*         0x0000000008000b6a        0x2 
 .text.setTimer0
                0x0000000008000b6c       0x34 ./Core/Src/software_timer.o
                0x0000000008000b6c                setTimer0
 .text.setTimer1
                0x0000000008000ba0       0x34 ./Core/Src/software_timer.o
                0x0000000008000ba0                setTimer1
 .text.setTimer2
                0x0000000008000bd4       0x34 ./Core/Src/software_timer.o
                0x0000000008000bd4                setTimer2
 .text.setTimer3
                0x0000000008000c08       0x34 ./Core/Src/software_timer.o
                0x0000000008000c08                setTimer3
 .text.setTimer4
                0x0000000008000c3c       0x34 ./Core/Src/software_timer.o
                0x0000000008000c3c                setTimer4
 .text.timer_run
                0x0000000008000c70       0xd4 ./Core/Src/software_timer.o
                0x0000000008000c70                timer_run
 .text.HAL_MspInit
                0x0000000008000d44       0x64 ./Core/Src/stm32f1xx_hal_msp.o
                0x0000000008000d44                HAL_MspInit
 .text.HAL_TIM_Base_MspInit
                0x0000000008000da8       0x48 ./Core/Src/stm32f1xx_hal_msp.o
                0x0000000008000da8                HAL_TIM_Base_MspInit
 .text.NMI_Handler
                0x0000000008000df0        0x6 ./Core/Src/stm32f1xx_it.o
                0x0000000008000df0                NMI_Handler
 .text.HardFault_Handler
                0x0000000008000df6        0x6 ./Core/Src/stm32f1xx_it.o
                0x0000000008000df6                HardFault_Handler
 .text.MemManage_Handler
                0x0000000008000dfc        0x6 ./Core/Src/stm32f1xx_it.o
                0x0000000008000dfc                MemManage_Handler
 .text.BusFault_Handler
                0x0000000008000e02        0x6 ./Core/Src/stm32f1xx_it.o
                0x0000000008000e02                BusFault_Handler
 .text.UsageFault_Handler
                0x0000000008000e08        0x6 ./Core/Src/stm32f1xx_it.o
                0x0000000008000e08                UsageFault_Handler
 .text.SVC_Handler
                0x0000000008000e0e        0xc ./Core/Src/stm32f1xx_it.o
                0x0000000008000e0e                SVC_Handler
 .text.DebugMon_Handler
                0x0000000008000e1a        0xc ./Core/Src/stm32f1xx_it.o
                0x0000000008000e1a                DebugMon_Handler
 .text.PendSV_Handler
                0x0000000008000e26        0xc ./Core/Src/stm32f1xx_it.o
                0x0000000008000e26                PendSV_Handler
 .text.SysTick_Handler
                0x0000000008000e32        0xc ./Core/Src/stm32f1xx_it.o
                0x0000000008000e32                SysTick_Handler
 *fill*         0x0000000008000e3e        0x2 
 .text.TIM2_IRQHandler
                0x0000000008000e40       0x14 ./Core/Src/stm32f1xx_it.o
                0x0000000008000e40                TIM2_IRQHandler
 .text.SystemInit
                0x0000000008000e54        0xc ./Core/Src/system_stm32f1xx.o
                0x0000000008000e54                SystemInit
 .text.Reset_Handler
                0x0000000008000e60       0x48 ./Core/Startup/startup_stm32f103c6ux.o
                0x0000000008000e60                Reset_Handler
 .text.Default_Handler
                0x0000000008000ea8        0x2 ./Core/Startup/startup_stm32f103c6ux.o
                0x0000000008000ea8                RTC_Alarm_IRQHandler
                0x0000000008000ea8                EXTI2_IRQHandler
                0x0000000008000ea8                TIM1_CC_IRQHandler
                0x0000000008000ea8                PVD_IRQHandler
                0x0000000008000ea8                EXTI3_IRQHandler
                0x0000000008000ea8                EXTI0_IRQHandler
                0x0000000008000ea8                ADC1_2_IRQHandler
                0x0000000008000ea8                SPI1_IRQHandler
                0x0000000008000ea8                TAMPER_IRQHandler
                0x0000000008000ea8                DMA1_Channel4_IRQHandler
                0x0000000008000ea8                RTC_IRQHandler
                0x0000000008000ea8                DMA1_Channel7_IRQHandler
                0x0000000008000ea8                CAN1_RX1_IRQHandler
                0x0000000008000ea8                I2C1_EV_IRQHandler
                0x0000000008000ea8                DMA1_Channel6_IRQHandler
                0x0000000008000ea8                TIM3_IRQHandler
                0x0000000008000ea8                RCC_IRQHandler
                0x0000000008000ea8                TIM1_TRG_COM_IRQHandler
                0x0000000008000ea8                DMA1_Channel1_IRQHandler
                0x0000000008000ea8                Default_Handler
                0x0000000008000ea8                EXTI15_10_IRQHandler
                0x0000000008000ea8                EXTI9_5_IRQHandler
                0x0000000008000ea8                DMA1_Channel5_IRQHandler
                0x0000000008000ea8                EXTI4_IRQHandler
                0x0000000008000ea8                USB_LP_CAN1_RX0_IRQHandler
                0x0000000008000ea8                USB_HP_CAN1_TX_IRQHandler
                0x0000000008000ea8                DMA1_Channel3_IRQHandler
                0x0000000008000ea8                TIM1_UP_IRQHandler
                0x0000000008000ea8                WWDG_IRQHandler
                0x0000000008000ea8                TIM1_BRK_IRQHandler
                0x0000000008000ea8                EXTI1_IRQHandler
                0x0000000008000ea8                USART2_IRQHandler
                0x0000000008000ea8                DMA1_Channel2_IRQHandler
                0x0000000008000ea8                CAN1_SCE_IRQHandler
                0x0000000008000ea8                FLASH_IRQHandler
                0x0000000008000ea8                USART1_IRQHandler
                0x0000000008000ea8                I2C1_ER_IRQHandler
                0x0000000008000ea8                USBWakeUp_IRQHandler
 *fill*         0x0000000008000eaa        0x2 
 .text.HAL_Init
                0x0000000008000eac       0x2c ./Drivers/STM32F1xx_HAL_Driver/Src/stm32f1xx_hal.o
                0x0000000008000eac                HAL_Init
 .text.HAL_InitTick
                0x0000000008000ed8       0x60 ./Drivers/STM32F1xx_HAL_Driver/Src/stm32f1xx_hal.o
                0x0000000008000ed8                HAL_InitTick
 .text.HAL_IncTick
                0x0000000008000f38       0x24 ./Drivers/STM32F1xx_HAL_Driver/Src/stm32f1xx_hal.o
                0x0000000008000f38                HAL_IncTick
 .text.HAL_GetTick
                0x0000000008000f5c       0x14 ./Drivers/STM32F1xx_HAL_Driver/Src/stm32f1xx_hal.o
                0x0000000008000f5c                HAL_GetTick
 .text.__NVIC_SetPriorityGrouping
                0x0000000008000f70       0x48 ./Drivers/STM32F1xx_HAL_Driver/Src/stm32f1xx_hal_cortex.o
 .text.__NVIC_GetPriorityGrouping
                0x0000000008000fb8       0x1c ./Drivers/STM32F1xx_HAL_Driver/Src/stm32f1xx_hal_cortex.o
 .text.__NVIC_EnableIRQ
                0x0000000008000fd4       0x38 ./Drivers/STM32F1xx_HAL_Driver/Src/stm32f1xx_hal_cortex.o
 .text.__NVIC_SetPriority
                0x000000000800100c       0x54 ./Drivers/STM32F1xx_HAL_Driver/Src/stm32f1xx_hal_cortex.o
 .text.NVIC_EncodePriority
                0x0000000008001060       0x64 ./Drivers/STM32F1xx_HAL_Driver/Src/stm32f1xx_hal_cortex.o
 .text.SysTick_Config
                0x00000000080010c4       0x44 ./Drivers/STM32F1xx_HAL_Driver/Src/stm32f1xx_hal_cortex.o
 .text.HAL_NVIC_SetPriorityGrouping
                0x0000000008001108       0x16 ./Drivers/STM32F1xx_HAL_Driver/Src/stm32f1xx_hal_cortex.o
                0x0000000008001108                HAL_NVIC_SetPriorityGrouping
 .text.HAL_NVIC_SetPriority
                0x000000000800111e       0x38 ./Drivers/STM32F1xx_HAL_Driver/Src/stm32f1xx_hal_cortex.o
                0x000000000800111e                HAL_NVIC_SetPriority
 .text.HAL_NVIC_EnableIRQ
                0x0000000008001156       0x1c ./Drivers/STM32F1xx_HAL_Driver/Src/stm32f1xx_hal_cortex.o
                0x0000000008001156                HAL_NVIC_EnableIRQ
 .text.HAL_SYSTICK_Config
                0x0000000008001172       0x18 ./Drivers/STM32F1xx_HAL_Driver/Src/stm32f1xx_hal_cortex.o
                0x0000000008001172                HAL_SYSTICK_Config
 *fill*         0x000000000800118a        0x2 
 .text.HAL_GPIO_Init
                0x000000000800118c      0x2f4 ./Drivers/STM32F1xx_HAL_Driver/Src/stm32f1xx_hal_gpio.o
                0x000000000800118c                HAL_GPIO_Init
 .text.HAL_GPIO_WritePin
                0x0000000008001480       0x30 ./Drivers/STM32F1xx_HAL_Driver/Src/stm32f1xx_hal_gpio.o
                0x0000000008001480                HAL_GPIO_WritePin
 .text.HAL_GPIO_TogglePin
                0x00000000080014b0       0x32 ./Drivers/STM32F1xx_HAL_Driver/Src/stm32f1xx_hal_gpio.o
                0x00000000080014b0                HAL_GPIO_TogglePin
 *fill*         0x00000000080014e2        0x2 
 .text.HAL_RCC_OscConfig
                0x00000000080014e4      0x500 ./Drivers/STM32F1xx_HAL_Driver/Src/stm32f1xx_hal_rcc.o
                0x00000000080014e4                HAL_RCC_OscConfig
 .text.HAL_RCC_ClockConfig
                0x00000000080019e4      0x1d4 ./Drivers/STM32F1xx_HAL_Driver/Src/stm32f1xx_hal_rcc.o
                0x00000000080019e4                HAL_RCC_ClockConfig
 .text.HAL_RCC_GetSysClockFreq
                0x0000000008001bb8       0xa8 ./Drivers/STM32F1xx_HAL_Driver/Src/stm32f1xx_hal_rcc.o
                0x0000000008001bb8                HAL_RCC_GetSysClockFreq
 .text.RCC_Delay
                0x0000000008001c60       0x3c ./Drivers/STM32F1xx_HAL_Driver/Src/stm32f1xx_hal_rcc.o
 .text.HAL_TIM_Base_Init
                0x0000000008001c9c       0x9e ./Drivers/STM32F1xx_HAL_Driver/Src/stm32f1xx_hal_tim.o
                0x0000000008001c9c                HAL_TIM_Base_Init
 *fill*         0x0000000008001d3a        0x2 
 .text.HAL_TIM_Base_Start_IT
                0x0000000008001d3c       0x98 ./Drivers/STM32F1xx_HAL_Driver/Src/stm32f1xx_hal_tim.o
                0x0000000008001d3c                HAL_TIM_Base_Start_IT
 .text.HAL_TIM_IRQHandler
                0x0000000008001dd4      0x210 ./Drivers/STM32F1xx_HAL_Driver/Src/stm32f1xx_hal_tim.o
                0x0000000008001dd4                HAL_TIM_IRQHandler
 .text.HAL_TIM_ConfigClockSource
                0x0000000008001fe4      0x18e ./Drivers/STM32F1xx_HAL_Driver/Src/stm32f1xx_hal_tim.o
                0x0000000008001fe4                HAL_TIM_ConfigClockSource
 .text.HAL_TIM_OC_DelayElapsedCallback
                0x0000000008002172       0x12 ./Drivers/STM32F1xx_HAL_Driver/Src/stm32f1xx_hal_tim.o
                0x0000000008002172                HAL_TIM_OC_DelayElapsedCallback
 .text.HAL_TIM_IC_CaptureCallback
                0x0000000008002184       0x12 ./Drivers/STM32F1xx_HAL_Driver/Src/stm32f1xx_hal_tim.o
                0x0000000008002184                HAL_TIM_IC_CaptureCallback
 .text.HAL_TIM_PWM_PulseFinishedCallback
                0x0000000008002196       0x12 ./Drivers/STM32F1xx_HAL_Driver/Src/stm32f1xx_hal_tim.o
                0x0000000008002196                HAL_TIM_PWM_PulseFinishedCallback
 .text.HAL_TIM_TriggerCallback
                0x00000000080021a8       0x12 ./Drivers/STM32F1xx_HAL_Driver/Src/stm32f1xx_hal_tim.o
                0x00000000080021a8                HAL_TIM_TriggerCallback
 *fill*         0x00000000080021ba        0x2 
 .text.TIM_Base_SetConfig
                0x00000000080021bc       0xb0 ./Drivers/STM32F1xx_HAL_Driver/Src/stm32f1xx_hal_tim.o
                0x00000000080021bc                TIM_Base_SetConfig
 .text.TIM_TI1_ConfigInputStage
                0x000000000800226c       0x5c ./Drivers/STM32F1xx_HAL_Driver/Src/stm32f1xx_hal_tim.o
 .text.TIM_TI2_ConfigInputStage
                0x00000000080022c8       0x5e ./Drivers/STM32F1xx_HAL_Driver/Src/stm32f1xx_hal_tim.o
 .text.TIM_ITRx_SetConfig
                0x0000000008002326       0x34 ./Drivers/STM32F1xx_HAL_Driver/Src/stm32f1xx_hal_tim.o
 .text.TIM_ETR_SetConfig
                0x000000000800235a       0x3e ./Drivers/STM32F1xx_HAL_Driver/Src/stm32f1xx_hal_tim.o
                0x000000000800235a                TIM_ETR_SetConfig
 .text.HAL_TIMEx_MasterConfigSynchronization
                0x0000000008002398       0xb0 ./Drivers/STM32F1xx_HAL_Driver/Src/stm32f1xx_hal_tim_ex.o
                0x0000000008002398                HAL_TIMEx_MasterConfigSynchronization
 .text.HAL_TIMEx_CommutCallback
                0x0000000008002448       0x12 ./Drivers/STM32F1xx_HAL_Driver/Src/stm32f1xx_hal_tim_ex.o
                0x0000000008002448                HAL_TIMEx_CommutCallback
 .text.HAL_TIMEx_BreakCallback
                0x000000000800245a       0x12 ./Drivers/STM32F1xx_HAL_Driver/Src/stm32f1xx_hal_tim_ex.o
                0x000000000800245a                HAL_TIMEx_BreakCallback
 .text.__libc_init_array
                0x000000000800246c       0x48 d:/hk231/mcu/software/stm32/stm32cubeide_1.7.0/stm32cubeide/plugins/com.st.stm32cube.ide.mcu.externaltools.gnu-tools-for-stm32.9-2020-q2-update.win32_2.0.0.202105311346/tools/bin/../lib/gcc/arm-none-eabi/9.3.1/../../../../arm-none-eabi/lib/thumb/v7-m/nofp\libc_nano.a(lib_a-init.o)
                0x000000000800246c                __libc_init_array
 .text.memset   0x00000000080024b4       0x10 d:/hk231/mcu/software/stm32/stm32cubeide_1.7.0/stm32cubeide/plugins/com.st.stm32cube.ide.mcu.externaltools.gnu-tools-for-stm32.9-2020-q2-update.win32_2.0.0.202105311346/tools/bin/../lib/gcc/arm-none-eabi/9.3.1/../../../../arm-none-eabi/lib/thumb/v7-m/nofp\libc_nano.a(lib_a-memset.o)
                0x00000000080024b4                memset
 *(.glue_7)
 .glue_7        0x00000000080024c4        0x0 linker stubs
 *(.glue_7t)
 .glue_7t       0x00000000080024c4        0x0 linker stubs
 *(.eh_frame)
 .eh_frame      0x00000000080024c4        0x0 d:/hk231/mcu/software/stm32/stm32cubeide_1.7.0/stm32cubeide/plugins/com.st.stm32cube.ide.mcu.externaltools.gnu-tools-for-stm32.9-2020-q2-update.win32_2.0.0.202105311346/tools/bin/../lib/gcc/arm-none-eabi/9.3.1/thumb/v7-m/nofp/crtbegin.o
 *(.init)
 .init          0x00000000080024c4        0x4 d:/hk231/mcu/software/stm32/stm32cubeide_1.7.0/stm32cubeide/plugins/com.st.stm32cube.ide.mcu.externaltools.gnu-tools-for-stm32.9-2020-q2-update.win32_2.0.0.202105311346/tools/bin/../lib/gcc/arm-none-eabi/9.3.1/thumb/v7-m/nofp/crti.o
                0x00000000080024c4                _init
 .init          0x00000000080024c8        0x8 d:/hk231/mcu/software/stm32/stm32cubeide_1.7.0/stm32cubeide/plugins/com.st.stm32cube.ide.mcu.externaltools.gnu-tools-for-stm32.9-2020-q2-update.win32_2.0.0.202105311346/tools/bin/../lib/gcc/arm-none-eabi/9.3.1/thumb/v7-m/nofp/crtn.o
 *(.fini)
 .fini          0x00000000080024d0        0x4 d:/hk231/mcu/software/stm32/stm32cubeide_1.7.0/stm32cubeide/plugins/com.st.stm32cube.ide.mcu.externaltools.gnu-tools-for-stm32.9-2020-q2-update.win32_2.0.0.202105311346/tools/bin/../lib/gcc/arm-none-eabi/9.3.1/thumb/v7-m/nofp/crti.o
                0x00000000080024d0                _fini
 .fini          0x00000000080024d4        0x8 d:/hk231/mcu/software/stm32/stm32cubeide_1.7.0/stm32cubeide/plugins/com.st.stm32cube.ide.mcu.externaltools.gnu-tools-for-stm32.9-2020-q2-update.win32_2.0.0.202105311346/tools/bin/../lib/gcc/arm-none-eabi/9.3.1/thumb/v7-m/nofp/crtn.o
                0x00000000080024dc                . = ALIGN (0x4)
                0x00000000080024dc                _etext = .

.vfp11_veneer   0x00000000080024dc        0x0
 .vfp11_veneer  0x00000000080024dc        0x0 linker stubs

.v4_bx          0x00000000080024dc        0x0
 .v4_bx         0x00000000080024dc        0x0 linker stubs

.iplt           0x00000000080024dc        0x0
 .iplt          0x00000000080024dc        0x0 d:/hk231/mcu/software/stm32/stm32cubeide_1.7.0/stm32cubeide/plugins/com.st.stm32cube.ide.mcu.externaltools.gnu-tools-for-stm32.9-2020-q2-update.win32_2.0.0.202105311346/tools/bin/../lib/gcc/arm-none-eabi/9.3.1/thumb/v7-m/nofp/crtbegin.o

.rodata         0x00000000080024dc       0x24
                0x00000000080024dc                . = ALIGN (0x4)
 *(.rodata)
 *(.rodata*)
 .rodata.AHBPrescTable
                0x00000000080024dc       0x10 ./Core/Src/system_stm32f1xx.o
                0x00000000080024dc                AHBPrescTable
 .rodata.aPLLMULFactorTable.6032
                0x00000000080024ec       0x10 ./Drivers/STM32F1xx_HAL_Driver/Src/stm32f1xx_hal_rcc.o
 .rodata.aPredivFactorTable.6033
                0x00000000080024fc        0x2 ./Drivers/STM32F1xx_HAL_Driver/Src/stm32f1xx_hal_rcc.o
                0x0000000008002500                . = ALIGN (0x4)
 *fill*         0x00000000080024fe        0x2 

.rel.dyn        0x0000000008002500        0x0
 .rel.iplt      0x0000000008002500        0x0 d:/hk231/mcu/software/stm32/stm32cubeide_1.7.0/stm32cubeide/plugins/com.st.stm32cube.ide.mcu.externaltools.gnu-tools-for-stm32.9-2020-q2-update.win32_2.0.0.202105311346/tools/bin/../lib/gcc/arm-none-eabi/9.3.1/thumb/v7-m/nofp/crtbegin.o

.ARM.extab      0x0000000008002500        0x0
                0x0000000008002500                . = ALIGN (0x4)
 *(.ARM.extab* .gnu.linkonce.armextab.*)
                0x0000000008002500                . = ALIGN (0x4)

.ARM            0x0000000008002500        0x0
                0x0000000008002500                . = ALIGN (0x4)
                0x0000000008002500                __exidx_start = .
 *(.ARM.exidx*)
                0x0000000008002500                __exidx_end = .
                0x0000000008002500                . = ALIGN (0x4)

.preinit_array  0x0000000008002500        0x0
                0x0000000008002500                . = ALIGN (0x4)
                0x0000000008002500                PROVIDE (__preinit_array_start = .)
 *(.preinit_array*)
                0x0000000008002500                PROVIDE (__preinit_array_end = .)
                0x0000000008002500                . = ALIGN (0x4)

.init_array     0x0000000008002500        0x4
                0x0000000008002500                . = ALIGN (0x4)
                0x0000000008002500                PROVIDE (__init_array_start = .)
 *(SORT_BY_NAME(.init_array.*))
 *(.init_array*)
 .init_array    0x0000000008002500        0x4 d:/hk231/mcu/software/stm32/stm32cubeide_1.7.0/stm32cubeide/plugins/com.st.stm32cube.ide.mcu.externaltools.gnu-tools-for-stm32.9-2020-q2-update.win32_2.0.0.202105311346/tools/bin/../lib/gcc/arm-none-eabi/9.3.1/thumb/v7-m/nofp/crtbegin.o
                0x0000000008002504                PROVIDE (__init_array_end = .)
                0x0000000008002504                . = ALIGN (0x4)

.fini_array     0x0000000008002504        0x4
                0x0000000008002504                . = ALIGN (0x4)
                [!provide]                        PROVIDE (__fini_array_start = .)
 *(SORT_BY_NAME(.fini_array.*))
 *(.fini_array*)
 .fini_array    0x0000000008002504        0x4 d:/hk231/mcu/software/stm32/stm32cubeide_1.7.0/stm32cubeide/plugins/com.st.stm32cube.ide.mcu.externaltools.gnu-tools-for-stm32.9-2020-q2-update.win32_2.0.0.202105311346/tools/bin/../lib/gcc/arm-none-eabi/9.3.1/thumb/v7-m/nofp/crtbegin.o
                [!provide]                        PROVIDE (__fini_array_end = .)
                0x0000000008002508                . = ALIGN (0x4)
                0x0000000008002508                _sidata = LOADADDR (.data)

.data           0x0000000020000000       0x34 load address 0x0000000008002508
                0x0000000020000000                . = ALIGN (0x4)
                0x0000000020000000                _sdata = .
 *(.data)
 *(.data*)
 .data.led_buffer
                0x0000000020000000       0x10 ./Core/Src/control_clock_buffer.o
                0x0000000020000000                led_buffer
 .data.matrix_buffer
                0x0000000020000010        0x8 ./Core/Src/control_matrix.o
                0x0000000020000010                matrix_buffer
 .data.hour     0x0000000020000018        0x4 ./Core/Src/global.o
                0x0000000020000018                hour
 .data.minute   0x000000002000001c        0x4 ./Core/Src/global.o
                0x000000002000001c                minute
 .data.second   0x0000000020000020        0x4 ./Core/Src/global.o
                0x0000000020000020                second
 .data.TIMER_CYCLE
                0x0000000020000024        0x4 ./Core/Src/software_timer.o
                0x0000000020000024                TIMER_CYCLE
 .data.SystemCoreClock
                0x0000000020000028        0x4 ./Core/Src/system_stm32f1xx.o
                0x0000000020000028                SystemCoreClock
 .data.uwTickPrio
                0x000000002000002c        0x4 ./Drivers/STM32F1xx_HAL_Driver/Src/stm32f1xx_hal.o
                0x000000002000002c                uwTickPrio
 .data.uwTickFreq
                0x0000000020000030        0x1 ./Drivers/STM32F1xx_HAL_Driver/Src/stm32f1xx_hal.o
                0x0000000020000030                uwTickFreq
 *(.RamFunc)
 *(.RamFunc*)
                0x0000000020000034                . = ALIGN (0x4)
 *fill*         0x0000000020000031        0x3 
                0x0000000020000034                _edata = .

.igot.plt       0x0000000020000034        0x0 load address 0x000000000800253c
 .igot.plt      0x0000000020000034        0x0 d:/hk231/mcu/software/stm32/stm32cubeide_1.7.0/stm32cubeide/plugins/com.st.stm32cube.ide.mcu.externaltools.gnu-tools-for-stm32.9-2020-q2-update.win32_2.0.0.202105311346/tools/bin/../lib/gcc/arm-none-eabi/9.3.1/thumb/v7-m/nofp/crtbegin.o
                0x0000000020000034                . = ALIGN (0x4)

.bss            0x0000000020000034       0x98 load address 0x000000000800253c
                0x0000000020000034                _sbss = .
                0x0000000020000034                __bss_start__ = _sbss
 *(.bss)
 .bss           0x0000000020000034       0x1c d:/hk231/mcu/software/stm32/stm32cubeide_1.7.0/stm32cubeide/plugins/com.st.stm32cube.ide.mcu.externaltools.gnu-tools-for-stm32.9-2020-q2-update.win32_2.0.0.202105311346/tools/bin/../lib/gcc/arm-none-eabi/9.3.1/thumb/v7-m/nofp/crtbegin.o
 *(.bss*)
 .bss.index_led
                0x0000000020000050        0x4 ./Core/Src/control_clock_buffer.o
                0x0000000020000050                index_led
 .bss.index_led_matrix
                0x0000000020000054        0x4 ./Core/Src/control_matrix.o
                0x0000000020000054                index_led_matrix
 .bss.timer0_flag
                0x0000000020000058        0x4 ./Core/Src/software_timer.o
                0x0000000020000058                timer0_flag
 .bss.timer0_counter
                0x000000002000005c        0x4 ./Core/Src/software_timer.o
                0x000000002000005c                timer0_counter
 .bss.timer1_flag
                0x0000000020000060        0x4 ./Core/Src/software_timer.o
                0x0000000020000060                timer1_flag
 .bss.timer1_counter
                0x0000000020000064        0x4 ./Core/Src/software_timer.o
                0x0000000020000064                timer1_counter
 .bss.timer2_flag
                0x0000000020000068        0x4 ./Core/Src/software_timer.o
                0x0000000020000068                timer2_flag
 .bss.timer2_counter
                0x000000002000006c        0x4 ./Core/Src/software_timer.o
                0x000000002000006c                timer2_counter
 .bss.timer3_flag
                0x0000000020000070        0x4 ./Core/Src/software_timer.o
                0x0000000020000070                timer3_flag
 .bss.timer3_counter
                0x0000000020000074        0x4 ./Core/Src/software_timer.o
                0x0000000020000074                timer3_counter
 .bss.timer4_flag
                0x0000000020000078        0x4 ./Core/Src/software_timer.o
                0x0000000020000078                timer4_flag
 .bss.timer4_counter
                0x000000002000007c        0x4 ./Core/Src/software_timer.o
                0x000000002000007c                timer4_counter
 *(COMMON)
 COMMON         0x0000000020000080       0x48 ./Core/Src/main.o
                0x0000000020000080                htim2
 COMMON         0x00000000200000c8        0x4 ./Drivers/STM32F1xx_HAL_Driver/Src/stm32f1xx_hal.o
                0x00000000200000c8                uwTick
                0x00000000200000cc                . = ALIGN (0x4)
                0x00000000200000cc                _ebss = .
                0x00000000200000cc                __bss_end__ = _ebss

._user_heap_stack
                0x00000000200000cc      0x604 load address 0x000000000800253c
                0x00000000200000d0                . = ALIGN (0x8)
 *fill*         0x00000000200000cc        0x4 
                [!provide]                        PROVIDE (end = .)
                0x00000000200000d0                PROVIDE (_end = .)
                0x00000000200002d0                . = (. + _Min_Heap_Size)
 *fill*         0x00000000200000d0      0x200 
                0x00000000200006d0                . = (. + _Min_Stack_Size)
 *fill*         0x00000000200002d0      0x400 
                0x00000000200006d0                . = ALIGN (0x8)

/DISCARD/
 libc.a(*)
 libm.a(*)
 libgcc.a(*)

.ARM.attributes
                0x0000000000000000       0x29
 *(.ARM.attributes)
 .ARM.attributes
                0x0000000000000000       0x1d d:/hk231/mcu/software/stm32/stm32cubeide_1.7.0/stm32cubeide/plugins/com.st.stm32cube.ide.mcu.externaltools.gnu-tools-for-stm32.9-2020-q2-update.win32_2.0.0.202105311346/tools/bin/../lib/gcc/arm-none-eabi/9.3.1/thumb/v7-m/nofp/crti.o
 .ARM.attributes
                0x000000000000001d       0x2d d:/hk231/mcu/software/stm32/stm32cubeide_1.7.0/stm32cubeide/plugins/com.st.stm32cube.ide.mcu.externaltools.gnu-tools-for-stm32.9-2020-q2-update.win32_2.0.0.202105311346/tools/bin/../lib/gcc/arm-none-eabi/9.3.1/thumb/v7-m/nofp/crtbegin.o
 .ARM.attributes
                0x000000000000004a       0x2d ./Core/Src/clock.o
 .ARM.attributes
                0x0000000000000077       0x2d ./Core/Src/control_clock_buffer.o
 .ARM.attributes
                0x00000000000000a4       0x2d ./Core/Src/control_led_7SEG.o
 .ARM.attributes
                0x00000000000000d1       0x2d ./Core/Src/control_matrix.o
 .ARM.attributes
                0x00000000000000fe       0x33 ./Core/Src/global.o
 .ARM.attributes
                0x0000000000000131       0x2d ./Core/Src/main.o
 .ARM.attributes
                0x000000000000015e       0x2d ./Core/Src/software_timer.o
 .ARM.attributes
                0x000000000000018b       0x2d ./Core/Src/stm32f1xx_hal_msp.o
 .ARM.attributes
                0x00000000000001b8       0x2d ./Core/Src/stm32f1xx_it.o
 .ARM.attributes
                0x00000000000001e5       0x2d ./Core/Src/system_stm32f1xx.o
 .ARM.attributes
                0x0000000000000212       0x21 ./Core/Startup/startup_stm32f103c6ux.o
 .ARM.attributes
                0x0000000000000233       0x2d ./Drivers/STM32F1xx_HAL_Driver/Src/stm32f1xx_hal.o
 .ARM.attributes
                0x0000000000000260       0x2d ./Drivers/STM32F1xx_HAL_Driver/Src/stm32f1xx_hal_cortex.o
 .ARM.attributes
                0x000000000000028d       0x2d ./Drivers/STM32F1xx_HAL_Driver/Src/stm32f1xx_hal_gpio.o
 .ARM.attributes
                0x00000000000002ba       0x2d ./Drivers/STM32F1xx_HAL_Driver/Src/stm32f1xx_hal_rcc.o
 .ARM.attributes
                0x00000000000002e7       0x2d ./Drivers/STM32F1xx_HAL_Driver/Src/stm32f1xx_hal_tim.o
 .ARM.attributes
                0x0000000000000314       0x2d ./Drivers/STM32F1xx_HAL_Driver/Src/stm32f1xx_hal_tim_ex.o
 .ARM.attributes
                0x0000000000000341       0x2d d:/hk231/mcu/software/stm32/stm32cubeide_1.7.0/stm32cubeide/plugins/com.st.stm32cube.ide.mcu.externaltools.gnu-tools-for-stm32.9-2020-q2-update.win32_2.0.0.202105311346/tools/bin/../lib/gcc/arm-none-eabi/9.3.1/../../../../arm-none-eabi/lib/thumb/v7-m/nofp\libc_nano.a(lib_a-init.o)
 .ARM.attributes
                0x000000000000036e       0x2d d:/hk231/mcu/software/stm32/stm32cubeide_1.7.0/stm32cubeide/plugins/com.st.stm32cube.ide.mcu.externaltools.gnu-tools-for-stm32.9-2020-q2-update.win32_2.0.0.202105311346/tools/bin/../lib/gcc/arm-none-eabi/9.3.1/../../../../arm-none-eabi/lib/thumb/v7-m/nofp\libc_nano.a(lib_a-memset.o)
 .ARM.attributes
                0x000000000000039b       0x1d d:/hk231/mcu/software/stm32/stm32cubeide_1.7.0/stm32cubeide/plugins/com.st.stm32cube.ide.mcu.externaltools.gnu-tools-for-stm32.9-2020-q2-update.win32_2.0.0.202105311346/tools/bin/../lib/gcc/arm-none-eabi/9.3.1/thumb/v7-m/nofp/crtn.o
OUTPUT(lab2_ex10.elf elf32-littlearm)
LOAD linker stubs
LOAD d:/hk231/mcu/software/stm32/stm32cubeide_1.7.0/stm32cubeide/plugins/com.st.stm32cube.ide.mcu.externaltools.gnu-tools-for-stm32.9-2020-q2-update.win32_2.0.0.202105311346/tools/bin/../lib/gcc/arm-none-eabi/9.3.1/../../../../arm-none-eabi/lib/thumb/v7-m/nofp\libc.a
LOAD d:/hk231/mcu/software/stm32/stm32cubeide_1.7.0/stm32cubeide/plugins/com.st.stm32cube.ide.mcu.externaltools.gnu-tools-for-stm32.9-2020-q2-update.win32_2.0.0.202105311346/tools/bin/../lib/gcc/arm-none-eabi/9.3.1/../../../../arm-none-eabi/lib/thumb/v7-m/nofp\libm.a
LOAD d:/hk231/mcu/software/stm32/stm32cubeide_1.7.0/stm32cubeide/plugins/com.st.stm32cube.ide.mcu.externaltools.gnu-tools-for-stm32.9-2020-q2-update.win32_2.0.0.202105311346/tools/bin/../lib/gcc/arm-none-eabi/9.3.1/thumb/v7-m/nofp\libgcc.a

.debug_info     0x0000000000000000     0x8e6c
 .debug_info    0x0000000000000000       0x67 ./Core/Src/clock.o
 .debug_info    0x0000000000000067       0xad ./Core/Src/control_clock_buffer.o
 .debug_info    0x0000000000000114      0x298 ./Core/Src/control_led_7SEG.o
 .debug_info    0x00000000000003ac      0x2e4 ./Core/Src/control_matrix.o
 .debug_info    0x0000000000000690       0x77 ./Core/Src/global.o
 .debug_info    0x0000000000000707      0xc84 ./Core/Src/main.o
 .debug_info    0x000000000000138b      0x210 ./Core/Src/software_timer.o
 .debug_info    0x000000000000159b      0xa09 ./Core/Src/stm32f1xx_hal_msp.o
 .debug_info    0x0000000000001fa4      0x7b9 ./Core/Src/stm32f1xx_it.o
 .debug_info    0x000000000000275d      0x2be ./Core/Src/system_stm32f1xx.o
 .debug_info    0x0000000000002a1b       0x22 ./Core/Startup/startup_stm32f103c6ux.o
 .debug_info    0x0000000000002a3d      0x74c ./Drivers/STM32F1xx_HAL_Driver/Src/stm32f1xx_hal.o
 .debug_info    0x0000000000003189      0xbbe ./Drivers/STM32F1xx_HAL_Driver/Src/stm32f1xx_hal_cortex.o
 .debug_info    0x0000000000003d47      0x701 ./Drivers/STM32F1xx_HAL_Driver/Src/stm32f1xx_hal_gpio.o
 .debug_info    0x0000000000004448      0x893 ./Drivers/STM32F1xx_HAL_Driver/Src/stm32f1xx_hal_rcc.o
 .debug_info    0x0000000000004cdb     0x2c12 ./Drivers/STM32F1xx_HAL_Driver/Src/stm32f1xx_hal_tim.o
 .debug_info    0x00000000000078ed     0x157f ./Drivers/STM32F1xx_HAL_Driver/Src/stm32f1xx_hal_tim_ex.o

.debug_abbrev   0x0000000000000000     0x1953
 .debug_abbrev  0x0000000000000000       0x4d ./Core/Src/clock.o
 .debug_abbrev  0x000000000000004d       0x75 ./Core/Src/control_clock_buffer.o
 .debug_abbrev  0x00000000000000c2      0x144 ./Core/Src/control_led_7SEG.o
 .debug_abbrev  0x0000000000000206      0x173 ./Core/Src/control_matrix.o
 .debug_abbrev  0x0000000000000379       0x40 ./Core/Src/global.o
 .debug_abbrev  0x00000000000003b9      0x24d ./Core/Src/main.o
 .debug_abbrev  0x0000000000000606       0xa1 ./Core/Src/software_timer.o
 .debug_abbrev  0x00000000000006a7      0x1b7 ./Core/Src/stm32f1xx_hal_msp.o
 .debug_abbrev  0x000000000000085e      0x176 ./Core/Src/stm32f1xx_it.o
 .debug_abbrev  0x00000000000009d4      0x14e ./Core/Src/system_stm32f1xx.o
 .debug_abbrev  0x0000000000000b22       0x12 ./Core/Startup/startup_stm32f103c6ux.o
 .debug_abbrev  0x0000000000000b34      0x1ed ./Drivers/STM32F1xx_HAL_Driver/Src/stm32f1xx_hal.o
 .debug_abbrev  0x0000000000000d21      0x313 ./Drivers/STM32F1xx_HAL_Driver/Src/stm32f1xx_hal_cortex.o
 .debug_abbrev  0x0000000000001034      0x1e8 ./Drivers/STM32F1xx_HAL_Driver/Src/stm32f1xx_hal_gpio.o
 .debug_abbrev  0x000000000000121c      0x273 ./Drivers/STM32F1xx_HAL_Driver/Src/stm32f1xx_hal_rcc.o
 .debug_abbrev  0x000000000000148f      0x25e ./Drivers/STM32F1xx_HAL_Driver/Src/stm32f1xx_hal_tim.o
 .debug_abbrev  0x00000000000016ed      0x266 ./Drivers/STM32F1xx_HAL_Driver/Src/stm32f1xx_hal_tim_ex.o

.debug_aranges  0x0000000000000000      0xa28
 .debug_aranges
                0x0000000000000000       0x20 ./Core/Src/clock.o
 .debug_aranges
                0x0000000000000020       0x20 ./Core/Src/control_clock_buffer.o
 .debug_aranges
                0x0000000000000040       0x28 ./Core/Src/control_led_7SEG.o
 .debug_aranges
                0x0000000000000068       0x30 ./Core/Src/control_matrix.o
 .debug_aranges
                0x0000000000000098       0x18 ./Core/Src/global.o
 .debug_aranges
                0x00000000000000b0       0x48 ./Core/Src/main.o
 .debug_aranges
                0x00000000000000f8       0x48 ./Core/Src/software_timer.o
 .debug_aranges
                0x0000000000000140       0x30 ./Core/Src/stm32f1xx_hal_msp.o
 .debug_aranges
                0x0000000000000170       0x68 ./Core/Src/stm32f1xx_it.o
 .debug_aranges
                0x00000000000001d8       0x28 ./Core/Src/system_stm32f1xx.o
 .debug_aranges
                0x0000000000000200       0x28 ./Core/Startup/startup_stm32f103c6ux.o
 .debug_aranges
                0x0000000000000228       0xe0 ./Drivers/STM32F1xx_HAL_Driver/Src/stm32f1xx_hal.o
 .debug_aranges
                0x0000000000000308      0x100 ./Drivers/STM32F1xx_HAL_Driver/Src/stm32f1xx_hal_cortex.o
 .debug_aranges
                0x0000000000000408       0x58 ./Drivers/STM32F1xx_HAL_Driver/Src/stm32f1xx_hal_gpio.o
 .debug_aranges
                0x0000000000000460       0x90 ./Drivers/STM32F1xx_HAL_Driver/Src/stm32f1xx_hal_rcc.o
 .debug_aranges
                0x00000000000004f0      0x3d0 ./Drivers/STM32F1xx_HAL_Driver/Src/stm32f1xx_hal_tim.o
 .debug_aranges
                0x00000000000008c0      0x168 ./Drivers/STM32F1xx_HAL_Driver/Src/stm32f1xx_hal_tim_ex.o

.debug_ranges   0x0000000000000000      0x918
 .debug_ranges  0x0000000000000000       0x10 ./Core/Src/clock.o
 .debug_ranges  0x0000000000000010       0x10 ./Core/Src/control_clock_buffer.o
 .debug_ranges  0x0000000000000020       0x18 ./Core/Src/control_led_7SEG.o
 .debug_ranges  0x0000000000000038       0x20 ./Core/Src/control_matrix.o
 .debug_ranges  0x0000000000000058       0x38 ./Core/Src/main.o
 .debug_ranges  0x0000000000000090       0x38 ./Core/Src/software_timer.o
 .debug_ranges  0x00000000000000c8       0x20 ./Core/Src/stm32f1xx_hal_msp.o
 .debug_ranges  0x00000000000000e8       0x58 ./Core/Src/stm32f1xx_it.o
 .debug_ranges  0x0000000000000140       0x18 ./Core/Src/system_stm32f1xx.o
 .debug_ranges  0x0000000000000158       0x20 ./Core/Startup/startup_stm32f103c6ux.o
 .debug_ranges  0x0000000000000178       0xd0 ./Drivers/STM32F1xx_HAL_Driver/Src/stm32f1xx_hal.o
 .debug_ranges  0x0000000000000248       0xf0 ./Drivers/STM32F1xx_HAL_Driver/Src/stm32f1xx_hal_cortex.o
 .debug_ranges  0x0000000000000338       0x48 ./Drivers/STM32F1xx_HAL_Driver/Src/stm32f1xx_hal_gpio.o
 .debug_ranges  0x0000000000000380       0x80 ./Drivers/STM32F1xx_HAL_Driver/Src/stm32f1xx_hal_rcc.o
 .debug_ranges  0x0000000000000400      0x3c0 ./Drivers/STM32F1xx_HAL_Driver/Src/stm32f1xx_hal_tim.o
 .debug_ranges  0x00000000000007c0      0x158 ./Drivers/STM32F1xx_HAL_Driver/Src/stm32f1xx_hal_tim_ex.o

.debug_macro    0x0000000000000000    0x16794
 .debug_macro   0x0000000000000000       0x25 ./Core/Src/clock.o
 .debug_macro   0x0000000000000025      0xa9c ./Core/Src/clock.o
 .debug_macro   0x0000000000000ac1       0x24 ./Core/Src/control_clock_buffer.o
 .debug_macro   0x0000000000000ae5       0x10 ./Core/Src/control_clock_buffer.o
 .debug_macro   0x0000000000000af5      0x1b9 ./Core/Src/control_led_7SEG.o
 .debug_macro   0x0000000000000cae      0x215 ./Core/Src/control_led_7SEG.o
 .debug_macro   0x0000000000000ec3       0x2e ./Core/Src/control_led_7SEG.o
 .debug_macro   0x0000000000000ef1       0x22 ./Core/Src/control_led_7SEG.o
 .debug_macro   0x0000000000000f13       0x22 ./Core/Src/control_led_7SEG.o
 .debug_macro   0x0000000000000f35       0x8e ./Core/Src/control_led_7SEG.o
 .debug_macro   0x0000000000000fc3       0x51 ./Core/Src/control_led_7SEG.o
 .debug_macro   0x0000000000001014      0x103 ./Core/Src/control_led_7SEG.o
 .debug_macro   0x0000000000001117       0x6a ./Core/Src/control_led_7SEG.o
 .debug_macro   0x0000000000001181      0x1df ./Core/Src/control_led_7SEG.o
 .debug_macro   0x0000000000001360       0x1c ./Core/Src/control_led_7SEG.o
 .debug_macro   0x000000000000137c       0x22 ./Core/Src/control_led_7SEG.o
 .debug_macro   0x000000000000139e       0xc3 ./Core/Src/control_led_7SEG.o
 .debug_macro   0x0000000000001461      0xd23 ./Core/Src/control_led_7SEG.o
 .debug_macro   0x0000000000002184     0xde75 ./Core/Src/control_led_7SEG.o
 .debug_macro   0x000000000000fff9       0x6d ./Core/Src/control_led_7SEG.o
 .debug_macro   0x0000000000010066     0x348d ./Core/Src/control_led_7SEG.o
 .debug_macro   0x00000000000134f3      0x174 ./Core/Src/control_led_7SEG.o
 .debug_macro   0x0000000000013667       0x5c ./Core/Src/control_led_7SEG.o
 .debug_macro   0x00000000000136c3      0x5bc ./Core/Src/control_led_7SEG.o
 .debug_macro   0x0000000000013c7f      0x1b7 ./Core/Src/control_led_7SEG.o
 .debug_macro   0x0000000000013e36      0x1cb ./Core/Src/control_led_7SEG.o
 .debug_macro   0x0000000000014001      0x114 ./Core/Src/control_led_7SEG.o
 .debug_macro   0x0000000000014115      0x1b2 ./Core/Src/control_led_7SEG.o
 .debug_macro   0x00000000000142c7       0x27 ./Core/Src/control_led_7SEG.o
 .debug_macro   0x00000000000142ee      0x12f ./Core/Src/control_led_7SEG.o
 .debug_macro   0x000000000001441d      0x1bc ./Core/Src/control_led_7SEG.o
 .debug_macro   0x00000000000145d9       0x34 ./Core/Src/control_led_7SEG.o
 .debug_macro   0x000000000001460d       0x3c ./Core/Src/control_led_7SEG.o
 .debug_macro   0x0000000000014649       0x57 ./Core/Src/control_led_7SEG.o
 .debug_macro   0x00000000000146a0       0x87 ./Core/Src/control_led_7SEG.o
 .debug_macro   0x0000000000014727      0x183 ./Core/Src/control_led_7SEG.o
 .debug_macro   0x00000000000148aa      0x140 ./Core/Src/control_led_7SEG.o
 .debug_macro   0x00000000000149ea      0x8ed ./Core/Src/control_led_7SEG.o
 .debug_macro   0x00000000000152d7       0x69 ./Core/Src/control_led_7SEG.o
 .debug_macro   0x0000000000015340      0x160 ./Core/Src/control_led_7SEG.o
 .debug_macro   0x00000000000154a0      0x1b6 ./Core/Src/control_matrix.o
 .debug_macro   0x0000000000015656       0x1b ./Core/Src/global.o
 .debug_macro   0x0000000000015671      0x1ef ./Core/Src/main.o
 .debug_macro   0x0000000000015860       0x1b ./Core/Src/software_timer.o
 .debug_macro   0x000000000001587b      0x1a6 ./Core/Src/stm32f1xx_hal_msp.o
 .debug_macro   0x0000000000015a21      0x1b0 ./Core/Src/stm32f1xx_it.o
 .debug_macro   0x0000000000015bd1      0x197 ./Core/Src/system_stm32f1xx.o
 .debug_macro   0x0000000000015d68      0x1bb ./Drivers/STM32F1xx_HAL_Driver/Src/stm32f1xx_hal.o
 .debug_macro   0x0000000000015f23      0x197 ./Drivers/STM32F1xx_HAL_Driver/Src/stm32f1xx_hal_cortex.o
 .debug_macro   0x00000000000160ba      0x202 ./Drivers/STM32F1xx_HAL_Driver/Src/stm32f1xx_hal_gpio.o
 .debug_macro   0x00000000000162bc      0x1a9 ./Drivers/STM32F1xx_HAL_Driver/Src/stm32f1xx_hal_rcc.o
 .debug_macro   0x0000000000016465      0x198 ./Drivers/STM32F1xx_HAL_Driver/Src/stm32f1xx_hal_tim.o
 .debug_macro   0x00000000000165fd      0x197 ./Drivers/STM32F1xx_HAL_Driver/Src/stm32f1xx_hal_tim_ex.o

.debug_line     0x0000000000000000     0xb745
 .debug_line    0x0000000000000000       0x91 ./Core/Src/clock.o
 .debug_line    0x0000000000000091       0xc1 ./Core/Src/control_clock_buffer.o
 .debug_line    0x0000000000000152      0x860 ./Core/Src/control_led_7SEG.o
 .debug_line    0x00000000000009b2      0x95e ./Core/Src/control_matrix.o
 .debug_line    0x0000000000001310       0x4d ./Core/Src/global.o
 .debug_line    0x000000000000135d      0x9a8 ./Core/Src/main.o
 .debug_line    0x0000000000001d05      0x171 ./Core/Src/software_timer.o
 .debug_line    0x0000000000001e76      0x81c ./Core/Src/stm32f1xx_hal_msp.o
 .debug_line    0x0000000000002692      0x8ba ./Core/Src/stm32f1xx_it.o
 .debug_line    0x0000000000002f4c      0x85e ./Core/Src/system_stm32f1xx.o
 .debug_line    0x00000000000037aa       0x86 ./Core/Startup/startup_stm32f103c6ux.o
 .debug_line    0x0000000000003830      0xa8b ./Drivers/STM32F1xx_HAL_Driver/Src/stm32f1xx_hal.o
 .debug_line    0x00000000000042bb      0xc73 ./Drivers/STM32F1xx_HAL_Driver/Src/stm32f1xx_hal_cortex.o
 .debug_line    0x0000000000004f2e      0xb0e ./Drivers/STM32F1xx_HAL_Driver/Src/stm32f1xx_hal_gpio.o
 .debug_line    0x0000000000005a3c      0xe97 ./Drivers/STM32F1xx_HAL_Driver/Src/stm32f1xx_hal_rcc.o
 .debug_line    0x00000000000068d3     0x34c1 ./Drivers/STM32F1xx_HAL_Driver/Src/stm32f1xx_hal_tim.o
 .debug_line    0x0000000000009d94     0x19b1 ./Drivers/STM32F1xx_HAL_Driver/Src/stm32f1xx_hal_tim_ex.o

.debug_str      0x0000000000000000    0x823f1
 .debug_str     0x0000000000000000     0x2d96 ./Core/Src/clock.o
 .debug_str     0x0000000000002d96       0x71 ./Core/Src/control_clock_buffer.o
                                       0x2dec (size before relaxing)
 .debug_str     0x0000000000002e07    0x7caed ./Core/Src/control_led_7SEG.o
                                      0x7fbb2 (size before relaxing)
 .debug_str     0x000000000007f8f4       0xbb ./Core/Src/control_matrix.o
                                      0x7fbdc (size before relaxing)
 .debug_str     0x000000000007f9af       0x15 ./Core/Src/global.o
                                       0x2d83 (size before relaxing)
 .debug_str     0x000000000007f9c4      0x789 ./Core/Src/main.o
                                      0x8043c (size before relaxing)
 .debug_str     0x000000000008014d       0x62 ./Core/Src/software_timer.o
                                       0x2e58 (size before relaxing)
 .debug_str     0x00000000000801af      0x2ba ./Core/Src/stm32f1xx_hal_msp.o
                                      0x80315 (size before relaxing)
 .debug_str     0x0000000000080469       0xcd ./Core/Src/stm32f1xx_it.o
                                      0x80077 (size before relaxing)
 .debug_str     0x0000000000080536       0x52 ./Core/Src/system_stm32f1xx.o
                                      0x7f6d0 (size before relaxing)
 .debug_str     0x0000000000080588       0x36 ./Core/Startup/startup_stm32f103c6ux.o
                                         0x5f (size before relaxing)
 .debug_str     0x00000000000805be      0x304 ./Drivers/STM32F1xx_HAL_Driver/Src/stm32f1xx_hal.o
                                      0x7fd27 (size before relaxing)
 .debug_str     0x00000000000808c2      0x300 ./Drivers/STM32F1xx_HAL_Driver/Src/stm32f1xx_hal_cortex.o
                                      0x7fd2f (size before relaxing)
 .debug_str     0x0000000000080bc2      0x324 ./Drivers/STM32F1xx_HAL_Driver/Src/stm32f1xx_hal_gpio.o
                                      0x7fa94 (size before relaxing)
 .debug_str     0x0000000000080ee6      0x24f ./Drivers/STM32F1xx_HAL_Driver/Src/stm32f1xx_hal_rcc.o
                                      0x7facd (size before relaxing)
 .debug_str     0x0000000000081135      0xdce ./Drivers/STM32F1xx_HAL_Driver/Src/stm32f1xx_hal_tim.o
                                      0x80aa6 (size before relaxing)
 .debug_str     0x0000000000081f03      0x4ee ./Drivers/STM32F1xx_HAL_Driver/Src/stm32f1xx_hal_tim_ex.o
                                      0x80257 (size before relaxing)

.comment        0x0000000000000000       0x53
 .comment       0x0000000000000000       0x53 ./Core/Src/clock.o
                                         0x54 (size before relaxing)
 .comment       0x0000000000000053       0x54 ./Core/Src/control_clock_buffer.o
 .comment       0x0000000000000053       0x54 ./Core/Src/control_led_7SEG.o
 .comment       0x0000000000000053       0x54 ./Core/Src/control_matrix.o
 .comment       0x0000000000000053       0x54 ./Core/Src/global.o
 .comment       0x0000000000000053       0x54 ./Core/Src/main.o
 .comment       0x0000000000000053       0x54 ./Core/Src/software_timer.o
 .comment       0x0000000000000053       0x54 ./Core/Src/stm32f1xx_hal_msp.o
 .comment       0x0000000000000053       0x54 ./Core/Src/stm32f1xx_it.o
 .comment       0x0000000000000053       0x54 ./Core/Src/system_stm32f1xx.o
 .comment       0x0000000000000053       0x54 ./Drivers/STM32F1xx_HAL_Driver/Src/stm32f1xx_hal.o
 .comment       0x0000000000000053       0x54 ./Drivers/STM32F1xx_HAL_Driver/Src/stm32f1xx_hal_cortex.o
 .comment       0x0000000000000053       0x54 ./Drivers/STM32F1xx_HAL_Driver/Src/stm32f1xx_hal_gpio.o
 .comment       0x0000000000000053       0x54 ./Drivers/STM32F1xx_HAL_Driver/Src/stm32f1xx_hal_rcc.o
 .comment       0x0000000000000053       0x54 ./Drivers/STM32F1xx_HAL_Driver/Src/stm32f1xx_hal_tim.o
 .comment       0x0000000000000053       0x54 ./Drivers/STM32F1xx_HAL_Driver/Src/stm32f1xx_hal_tim_ex.o

.debug_frame    0x0000000000000000     0x27f4
 .debug_frame   0x0000000000000000       0x30 ./Core/Src/clock.o
 .debug_frame   0x0000000000000030       0x30 ./Core/Src/control_clock_buffer.o
 .debug_frame   0x0000000000000060       0x58 ./Core/Src/control_led_7SEG.o
 .debug_frame   0x00000000000000b8       0x7c ./Core/Src/control_matrix.o
 .debug_frame   0x0000000000000134       0xd4 ./Core/Src/main.o
 .debug_frame   0x0000000000000208       0xf8 ./Core/Src/software_timer.o
 .debug_frame   0x0000000000000300       0x80 ./Core/Src/stm32f1xx_hal_msp.o
 .debug_frame   0x0000000000000380      0x120 ./Core/Src/stm32f1xx_it.o
 .debug_frame   0x00000000000004a0       0x58 ./Core/Src/system_stm32f1xx.o
 .debug_frame   0x00000000000004f8      0x334 ./Drivers/STM32F1xx_HAL_Driver/Src/stm32f1xx_hal.o
 .debug_frame   0x000000000000082c      0x428 ./Drivers/STM32F1xx_HAL_Driver/Src/stm32f1xx_hal_cortex.o
 .debug_frame   0x0000000000000c54      0x14c ./Drivers/STM32F1xx_HAL_Driver/Src/stm32f1xx_hal_gpio.o
 .debug_frame   0x0000000000000da0      0x218 ./Drivers/STM32F1xx_HAL_Driver/Src/stm32f1xx_hal_rcc.o
 .debug_frame   0x0000000000000fb8     0x11b8 ./Drivers/STM32F1xx_HAL_Driver/Src/stm32f1xx_hal_tim.o
 .debug_frame   0x0000000000002170      0x638 ./Drivers/STM32F1xx_HAL_Driver/Src/stm32f1xx_hal_tim_ex.o
 .debug_frame   0x00000000000027a8       0x2c d:/hk231/mcu/software/stm32/stm32cubeide_1.7.0/stm32cubeide/plugins/com.st.stm32cube.ide.mcu.externaltools.gnu-tools-for-stm32.9-2020-q2-update.win32_2.0.0.202105311346/tools/bin/../lib/gcc/arm-none-eabi/9.3.1/../../../../arm-none-eabi/lib/thumb/v7-m/nofp\libc_nano.a(lib_a-init.o)
 .debug_frame   0x00000000000027d4       0x20 d:/hk231/mcu/software/stm32/stm32cubeide_1.7.0/stm32cubeide/plugins/com.st.stm32cube.ide.mcu.externaltools.gnu-tools-for-stm32.9-2020-q2-update.win32_2.0.0.202105311346/tools/bin/../lib/gcc/arm-none-eabi/9.3.1/../../../../arm-none-eabi/lib/thumb/v7-m/nofp\libc_nano.a(lib_a-memset.o)
